// Jest Snapshot v1, https://goo.gl/fbAQLP

exports[`<UserAccount /> Should render and match the snapshot 1`] = `
<div>
  <span>
    This is the UserAccount container!
  </span>
</div>
`;
