// Jest Snapshot v1, https://goo.gl/fbAQLP

exports[`<FieldHistory /> Should render and match the snapshot 1`] = `
<div
  class="MuiGrid-root makeStyles-container-147 MuiGrid-container MuiGrid-item MuiGrid-direction-xs-column MuiGrid-align-items-xs-flex-start MuiGrid-justify-xs-center"
>
  <p
    class="MuiTypography-root makeStyles-user-150 MuiTypography-body1"
  >
    10/12/2018
     â€“ 
    Jake
  </p>
  <p
    class="MuiTypography-root makeStyles-content-148 MuiTypography-body1"
  >
    James
  </p>
</div>
`;
