// Jest Snapshot v1, https://goo.gl/fbAQLP

exports[`ftSwitch() Should render and match the snapshot 1`] = `
<span
  class="paragraph-text field-container"
>
  <div
    class="MuiGrid-root recipient-column MuiGrid-container MuiGrid-align-items-xs-center MuiGrid-justify-xs-space-between"
  >
    <div
      class="MuiGrid-root MuiGrid-item MuiGrid-grid-xs-9"
    >
      <div
        class="MuiGrid-root makeStyles-captionSpacing-753 MuiGrid-item"
      >
        <span
          class="MuiTypography-root makeStyles-caption-750 MuiTypography-caption"
        >
          Name
        </span>
      </div>
      <div
        class="MuiGrid-root MuiGrid-item"
      >
        <p
          class="MuiTypography-root makeStyles-contentBody-752 MuiTypography-body2"
        />
      </div>
    </div>
    <div
      class="MuiGrid-root column-action-btns makeStyles-columnActionBtns-747 MuiGrid-container MuiGrid-item MuiGrid-align-items-xs-center MuiGrid-justify-xs-flex-end MuiGrid-grid-xs-3"
    >
      <div
        class="MuiGrid-root MuiGrid-container MuiGrid-item MuiGrid-direction-xs-column MuiGrid-align-items-xs-center MuiGrid-justify-xs-flex-end"
      >
        <span
          class="MuiGrid-root makeStyles-editBtn-748 MuiGrid-item"
        >
          <span
            class="edit-recipient"
          >
            <button
              class="MuiButtonBase-root MuiButton-root MuiButton-text makeStyles-btn-930 makeStyles-secondary-932"
              tabindex="0"
              type="button"
            >
              <span
                class="MuiButton-label"
              >
                <svg
                  aria-hidden="true"
                  class="MuiSvgIcon-root"
                  focusable="false"
                  role="presentation"
                  viewBox="0 0 24 24"
                >
                  <path
                    d="M3 17.25V21h3.75L17.81 9.94l-3.75-3.75L3 17.25zM20.71 7.04c.39-.39.39-1.02 0-1.41l-2.34-2.34a.9959.9959 0 0 0-1.41 0l-1.83 1.83 3.75 3.75 1.83-1.83z"
                  />
                </svg>
              </span>
              <span
                class="MuiTouchRipple-root"
              />
            </button>
          </span>
        </span>
        <span
          class="MuiGrid-root MuiGrid-item"
        >
          <span
            class="access-time"
          >
            <button
              class="MuiButtonBase-root MuiButton-root MuiButton-text makeStyles-btn-930 makeStyles-primary-931"
              id="paragraph_text_undefined"
              tabindex="0"
              type="button"
            >
              <span
                class="MuiButton-label"
              >
                <svg
                  aria-hidden="true"
                  class="MuiSvgIcon-root"
                  focusable="false"
                  role="presentation"
                  viewBox="0 0 24 24"
                >
                  <path
                    d="M11.99 2C6.47 2 2 6.48 2 12s4.47 10 9.99 10C17.52 22 22 17.52 22 12S17.52 2 11.99 2zM12 20c-4.42 0-8-3.58-8-8s3.58-8 8-8 8 3.58 8 8-3.58 8-8 8z"
                  />
                  <path
                    d="M12.5 7H11v6l5.25 3.15.75-1.23-4.5-2.67z"
                  />
                </svg>
              </span>
              <span
                class="MuiTouchRipple-root"
              />
            </button>
          </span>
        </span>
      </div>
      <div
        class="MuiGrid-root MuiGrid-item"
      />
    </div>
  </div>
</span>
`;
