// Jest Snapshot v1, https://goo.gl/fbAQLP

exports[`<ThreeRows /> Should render and match the snapshot 1`] = `
<div
  class="MuiGrid-root MuiGrid-container MuiGrid-direction-xs-column MuiGrid-align-items-xs-flex-start"
>
  <div
    class="MuiGrid-root makeStyles-captionSpacing-204 MuiGrid-item"
  >
    <p
      class="MuiTypography-root makeStyles-threeRowTitle-240 MuiTypography-body1"
    >
      FirstName
    </p>
  </div>
  <div
    class="MuiGrid-root MuiGrid-item"
  >
    <p
      class="MuiTypography-root makeStyles-contentBody-203 MuiTypography-body2"
    >
      <span
        class="styles__ThreeRowsStyle-qa8k4k-7 dyUFBs"
      >
        Middle
      </span>
    </p>
  </div>
  <div
    class="MuiGrid-root MuiGrid-item"
  >
    <span
      class="MuiTypography-root makeStyles-caption-201 MuiTypography-caption"
    >
      LastName
    </span>
  </div>
</div>
`;
