// Jest Snapshot v1, https://goo.gl/fbAQLP

exports[`<LinkRouter /> Should render and match the snapshot 1`] = `
<a
  class="MuiTypography-root MuiLink-root MuiLink-underlineHover MuiTypography-colorInherit"
  href="/dashboard"
>
  Dashboard
</a>
`;
