// Jest Snapshot v1, https://goo.gl/fbAQLP

exports[`<Map /> Should render and match the snapshot 1`] = `
<div
  style="position: relative; padding-left: 40px; padding-right: 40px; width: 100%; height: 400px; cursor: grab; outline: none;"
  tabindex="0"
>
  <div
    style="position: relative; width: 100%; height: 100%;"
  >
    <div
      class=""
      style="position: absolute; width: 100%; height: 100%; overflow: hidden; visibility: inherit;"
    />
    <div
      style="overflow: visible; height: 0px; width: 0px;"
    />
    <div
      class="resize-triggers"
    >
      <div
        class="expand-trigger"
      >
        <div
          style="width: 1px; height: 1px;"
        />
      </div>
      <div
        class="contract-trigger"
      />
    </div>
  </div>
</div>
`;
