// Jest Snapshot v1, https://goo.gl/fbAQLP

exports[`<PhotoScrollList /> Should render and match the snapshot 1`] = `
<div
  class="MuiGrid-root makeStyles-container-107 MuiGrid-container"
/>
`;
