// Jest Snapshot v1, https://goo.gl/fbAQLP

exports[`<WideRightArrow /> Should render and match the snapshot 1`] = `
<svg
  fill="none"
  height="60"
  viewBox="0 0 22 39"
  width="22"
  xmlns="http://www.w3.org/2000/svg"
>
  <path
    d="M1 0L17 20.5128L1 40"
    stroke="#DADAE0"
  />
</svg>
`;
